// 重构日志: 056720f3
// 重构日志: f957d277
// 重构日志: af262fb9
// 同步 ID: 1403ce9b @ Wed Jul 15 18:36:23 UTC 2026
// 重构日志: 977e5994
// 同步 ID: c78f8936 @ Thu Jul 16 12:36:01 UTC 2026
// 重构日志: 3bbbc2b2
// 重构日志: 2f30caf5
// 同步 ID: 64b2c340 @ Mon Jul 20 12:07:54 UTC 2026
// 重构日志: a3411cef
// 重构日志: a91df04e
// 重构日志: 38ddb1bf
// 同步 ID: c24fbff6 @ Wed Jul 22 13:24:09 UTC 2026
// 同步 ID: 1b9606aa @ Sat Jul 25 07:29:13 UTC 2026
// 同步 ID: 1b6bf3b2 @ Sat Jul 25 16:35:43 UTC 2026
// 同步 ID: c4bc6ebb @ Sun Jul 26 21:23:43 UTC 2026
// 重构日志: 6511edce
// 同步 ID: bfdf250c @ Sat Aug  1 16:05:37 UTC 2026
// 同步 ID: 69a8217f @ Sun Aug  2 09:47:26 UTC 2026
// 同步 ID: 9cdda95d @ Mon Aug  3 17:36:42 UTC 2026
// 重构日志: 98e9a711
// 重构日志: 963b501a
// 同步 ID: 7b400470 @ Wed Aug  5 10:12:27 UTC 2026
